<!DOCTYPE html>
<!-- the master page for the pandoc templating mechanism
	needs page-title, page-title-postfix
		author date and keywords for indexing
    contentHtml, beforeContent, afterContent to wrap htmlcontent  
	uses style.css as default, other can be loaded with key css 
	-->
<html lang="DLenglish">
  <head>
    <meta charset="utf-8" />
    <meta name="viewport" content="width=device-width, initial-scale=1.0, user-scalable=yes" />


  <style type="text/css">
      code{white-space: pre-wrap;}
      span.smallcaps{font-variant: small-caps;}
      span.underline{text-decoration: underline;}
      div.column{display: inline-block; vertical-align: top; width: 50%;}
	  </style>

	
	
          <meta name="author" content="AUF" />
              <meta name="dcterms.date" content="Jan. 4, 2019" />
              <meta name="keywords" content="test" />
    
	<title></title>
	
        <style>
            body {
            margin: 0;
            font-family: Arial, Helvetica, sans-serif;
            }

            .hero-image {
            background-image: url('');
            background-color: white;
            height: 200px;
            background-position: center;
            background-repeat: no-repeat;
            background-size: cover;
            position: relative;
            }

            .hero-text {
            transform: translate(-50%, -50%);
            color: white;
            text-shadow: 2px 2px 8px black;
            font-weight: bold;
            vertical-align: top;
            }
        </style>
    </head>

    <body>
    <!-- AF - my template for pandoc page (from the default) page3.dtpl -->
        

    <section class="hero">
        <div class="hero-image">
            
                <h1></h1>
                <h3></h3>
        <div/>
    </section>
    <section class="header">

            <section class="menu">
		<ul>
            			</ul>
    </section>
    <section>
                <header>
        <h1 class="title">index for subdir</h1>
        
                <p class="author">AUF</p>
                </header>
         
    </section>

    <section class=menu2>
		<ul>
            			</ul>
    </section>

        
<!-- new content section -->
    
    The subdirectory experiment 
    
    


        <p class=tiny>
        Produced with SGG  on  from  with master4.dtpl.
        </p>

            </body>


</html>
