\documentclass[a4paper,10pt]{scrbook}
\usepackage{fontspec}
\usepackage[ngerman]{babel}
\usepackage{graphicx}
\usepackage{makeidx}
\usepackage{natbib}
\makeindex
\usepackage[colorlinks]{hyperref}
\providecommand{\tightlist}{%
\setlength{\itemsep}{0pt}\setlength{\parskip}{0pt}}

\begin{document}

Some text without meaning; postwk.

An example post.


\printindex
\end{document}
