<!DOCTYPE html>
<!-- the master page for the pandoc templating mechanism
	needs page-title, page-title-postfix
		author date and keywords for indexing
    contentHtml, beforeContent, afterContent to wrap htmlcontent  
	uses style.css as default, other can be loaded with key css 
	-->
<html lang="DLenglish">
  <head>
    <meta charset="utf-8" />
    <meta name="viewport" content="width=device-width, initial-scale=1.0, user-scalable=yes" />


  <style type="text/css">
      code{white-space: pre-wrap;}
      span.smallcaps{font-variant: small-caps;}
      span.underline{text-decoration: underline;}
      div.column{display: inline-block; vertical-align: top; width: 50%;}
	  </style>

	
	
          <meta name="author" content="AUF" />
              <meta name="dcterms.date" content="Jan. 4, 2022" />
              <meta name="keywords" content="notest" />
    
	<title></title>
	
        <style>
            body {
            margin: 0;
            font-family: Arial, Helvetica, sans-serif;
            }

            .hero-image {
            background-image: url('');
            background-color: white;
            height: 200px;
            background-position: center;
            background-repeat: no-repeat;
            background-size: cover;
            position: relative;
            }

            .hero-text {
            transform: translate(-50%, -50%);
            color: white;
            text-shadow: 2px 2px 8px black;
            font-weight: bold;
            vertical-align: top;
            }
        </style>
    </head>

    <body>
    <!-- AF - my template for pandoc page (from the default) page3.dtpl -->
        

    <section class="hero">
        <div class="hero-image">
            
                <h1></h1>
                <h3></h3>
        <div/>
    </section>
    <section class="header">

            <section class="menu">
		<ul>
            			</ul>
    </section>
    <section>
                <header>
        <h1 class="title">z</h1>
        
                <p class="author">AUF</p>
                </header>
         
    </section>

    <section class=menu2>
		<ul>
            					<li>
				    <a href=Blog/SubBlog/testSort.html><em>z </em></a>
				    <br>A silly text not needing an abstract.		     
				    <span class=tiny>AUF "Jan. 4, 2022" 
            Blog/SubBlog/testSort.html Nothing
                    </span>
                    
    			</li>
            				</ul>
    </section>

        
<!-- blog text content section -->
    
    abstractA silly text not needing an abstract. 
    content-from-panrep-blocks<p>another test with title z for testing sort order</p>
<!-- ![Alt text](DSC08138.JPG) -->
<p><img src="DSC08138.JPG" alt="Alt text" /> <!-- ![Alt text](resources/DSC08138.JPG) --></p>
<p>statt einer relativen <code>resources/DSC08138.JPG</code> referenz. Problem in latex.</p>
<p>die absolute "/home/frank/Workspace11/ssg/docs/site/dough/Blog/SubBlog/resources/DSC08138.JPG" funktioniert. der file ist "/home/frank/Workspace11/ssg/docs/site/baked/Blog/SubBlog" in warum die relative nicht?</p>
<p>An example post sorted at last and an image</p>
    


        <p class=tiny>
        Produced with SGG  on  from  with master4.dtpl.
        </p>

            </body>


</html>
