<!DOCTYPE html>
<!-- the master page for the pandoc templating mechanism
	needs page-title, page-title-postfix
		author date and keywords for indexing
    contentHtml, beforeContent, afterContent to wrap htmlcontent  
	uses style.css as default, other can be loaded with key css 
	-->
<html lang="DLenglish">
  <head>
    <meta charset="utf-8" />
    <meta name="viewport" content="width=device-width, initial-scale=1.0, user-scalable=yes" />


  <style type="text/css">
      code{white-space: pre-wrap;}
      span.smallcaps{font-variant: small-caps;}
      span.underline{text-decoration: underline;}
      div.column{display: inline-block; vertical-align: top; width: 50%;}
	  </style>

	
	
          <meta name="author" content="auf" />
              <meta name="dcterms.date" content="2010-07-29" />
              <meta name="keywords" content="homepage" />
    
	<title></title>
	
        <style>
            body {
            margin: 0;
            font-family: Arial, Helvetica, sans-serif;
            }

            .hero-image {
            background-image: url('');
            background-color: white;
            height: 200px;
            background-position: center;
            background-repeat: no-repeat;
            background-size: cover;
            position: relative;
            }

            .hero-text {
            transform: translate(-50%, -50%);
            color: white;
            text-shadow: 2px 2px 8px black;
            font-weight: bold;
            vertical-align: top;
            }
        </style>
    </head>

    <body>
    <!-- AF - my template for pandoc page (from the default) page3.dtpl -->
        

    <section class="hero">
        <div class="hero-image">
            
                <h1></h1>
                <h3></h3>
        <div/>
    </section>
    <section class="header">

            <section class="menu">
		<ul>
            			</ul>
    </section>
    <section>
                <header>
        <h1 class="title">publistAF.md</h1>
        
                <p class="author">auf</p>
                </header>
         
    </section>

    <section class=menu2>
		<ul>
            					<li>
				    <a href=PublicationList/publistAF.html><em>publistAF.md </em></a>
				    <br>produce a publist for af		     
				    <span class=tiny>auf "2010-07-29" 
            PublicationList/publistAF.html Nothing
                    </span>
                    
    			</li>
            				</ul>
    </section>

        
<!-- blog text content section -->
    
    abstractproduce a publist for af 
    content-from-panrep-blocks<p>An example publication list for AF -- but not the relative "resources/BibTexLatex.bib"</p>
    


        <p class=tiny>
        Produced with SGG  on  from  with master4.dtpl.
        </p>

            </body>


</html>
