\documentclass[a4paper,10pt]{scrbook}
\usepackage{fontspec}
\usepackage[ngerman]{babel}
\usepackage{graphicx}
\usepackage{makeidx}
\usepackage{natbib}
\makeindex
\usepackage[colorlinks]{hyperref}
\providecommand{\tightlist}{%
\setlength{\itemsep}{0pt}\setlength{\parskip}{0pt}}

\begin{document}

the title should become

\chapter{postwk.md}

Some text without meaning; postwk.

\hypertarget{a-subsection-i-assume}{%
\subsection{a subsection i assume}\label{a-subsection-i-assume}}

with some text and a

\hypertarget{subsubsection}{%
\subsubsection{subsubsection.}\label{subsubsection}}

An example post.


\printindex
\end{document}
